ERROR 2026-04-23 20:24:38,563 log 27268 12324 Internal Server Error: /
Traceback (most recent call last):
  File "C:\Users\Alejandra\OneDrive\Desktop\LF_carpenter-ale\venv_win\Lib\site-packages\django\db\backends\utils.py", line 105, in _execute
    return self.cursor.execute(sql, params)
           ~~~~~~~~~~~~~~~~~~~^^^^^^^^^^^^^
  File "C:\Users\Alejandra\OneDrive\Desktop\LF_carpenter-ale\venv_win\Lib\site-packages\django\db\backends\sqlite3\base.py", line 359, in execute
    return super().execute(query, params)
           ~~~~~~~~~~~~~~~^^^^^^^^^^^^^^^
sqlite3.OperationalError: no such column: carpinteros_carpintero.rating_avg

The above exception was the direct cause of the following exception:

Traceback (most recent call last):
  File "C:\Users\Alejandra\OneDrive\Desktop\LF_carpenter-ale\venv_win\Lib\site-packages\django\core\handlers\exception.py", line 55, in inner
    response = get_response(request)
  File "C:\Users\Alejandra\OneDrive\Desktop\LF_carpenter-ale\venv_win\Lib\site-packages\django\core\handlers\base.py", line 198, in _get_response
    response = wrapped_callback(request, *callback_args, **callback_kwargs)
  File "C:\Users\Alejandra\OneDrive\Desktop\LF_carpenter-ale\core\views.py", line 24, in home
    return render(request, 'core/home.html', {'carpinteros': carpinteros})
  File "C:\Users\Alejandra\OneDrive\Desktop\LF_carpenter-ale\venv_win\Lib\site-packages\django\shortcuts.py", line 25, in render
    content = loader.render_to_string(template_name, context, request, using=using)
  File "C:\Users\Alejandra\OneDrive\Desktop\LF_carpenter-ale\venv_win\Lib\site-packages\django\template\loader.py", line 62, in render_to_string
    return template.render(context, request)
           ~~~~~~~~~~~~~~~^^^^^^^^^^^^^^^^^^
  File "C:\Users\Alejandra\OneDrive\Desktop\LF_carpenter-ale\venv_win\Lib\site-packages\django\template\backends\django.py", line 107, in render
    return self.template.render(context)
           ~~~~~~~~~~~~~~~~~~~~^^^^^^^^^
  File "C:\Users\Alejandra\OneDrive\Desktop\LF_carpenter-ale\venv_win\Lib\site-packages\django\template\base.py", line 174, in render
    return self._render(context)
           ~~~~~~~~~~~~^^^^^^^^^
  File "C:\Users\Alejandra\OneDrive\Desktop\LF_carpenter-ale\venv_win\Lib\site-packages\django\template\base.py", line 166, in _render
    return self.nodelist.render(context)
           ~~~~~~~~~~~~~~~~~~~~^^^^^^^^^
  File "C:\Users\Alejandra\OneDrive\Desktop\LF_carpenter-ale\venv_win\Lib\site-packages\django\template\base.py", line 1091, in render
    return SafeString("".join([node.render_annotated(context) for node in self]))
                               ~~~~~~~~~~~~~~~~~~~~~^^^^^^^^^
  File "C:\Users\Alejandra\OneDrive\Desktop\LF_carpenter-ale\venv_win\Lib\site-packages\django\template\base.py", line 1052, in render_annotated
    return self.render(context)
           ~~~~~~~~~~~^^^^^^^^^
  File "C:\Users\Alejandra\OneDrive\Desktop\LF_carpenter-ale\venv_win\Lib\site-packages\django\template\loader_tags.py", line 160, in render
    return compiled_parent._render(context)
           ~~~~~~~~~~~~~~~~~~~~~~~^^^^^^^^^
  File "C:\Users\Alejandra\OneDrive\Desktop\LF_carpenter-ale\venv_win\Lib\site-packages\django\template\base.py", line 166, in _render
    return self.nodelist.render(context)
           ~~~~~~~~~~~~~~~~~~~~^^^^^^^^^
  File "C:\Users\Alejandra\OneDrive\Desktop\LF_carpenter-ale\venv_win\Lib\site-packages\django\template\base.py", line 1091, in render
    return SafeString("".join([node.render_annotated(context) for node in self]))
                               ~~~~~~~~~~~~~~~~~~~~~^^^^^^^^^
  File "C:\Users\Alejandra\OneDrive\Desktop\LF_carpenter-ale\venv_win\Lib\site-packages\django\template\base.py", line 1052, in render_annotated
    return self.render(context)
           ~~~~~~~~~~~^^^^^^^^^
  File "C:\Users\Alejandra\OneDrive\Desktop\LF_carpenter-ale\venv_win\Lib\site-packages\django\template\loader_tags.py", line 66, in render
    result = block.nodelist.render(context)
  File "C:\Users\Alejandra\OneDrive\Desktop\LF_carpenter-ale\venv_win\Lib\site-packages\django\template\base.py", line 1091, in render
    return SafeString("".join([node.render_annotated(context) for node in self]))
                               ~~~~~~~~~~~~~~~~~~~~~^^^^^^^^^
  File "C:\Users\Alejandra\OneDrive\Desktop\LF_carpenter-ale\venv_win\Lib\site-packages\django\template\base.py", line 1052, in render_annotated
    return self.render(context)
           ~~~~~~~~~~~^^^^^^^^^
  File "C:\Users\Alejandra\OneDrive\Desktop\LF_carpenter-ale\venv_win\Lib\site-packages\django\template\defaulttags.py", line 202, in render
    len_values = len(values)
  File "C:\Users\Alejandra\OneDrive\Desktop\LF_carpenter-ale\venv_win\Lib\site-packages\django\db\models\query.py", line 372, in __len__
    self._fetch_all()
    ~~~~~~~~~~~~~~~^^
  File "C:\Users\Alejandra\OneDrive\Desktop\LF_carpenter-ale\venv_win\Lib\site-packages\django\db\models\query.py", line 2000, in _fetch_all
    self._result_cache = list(self._iterable_class(self))
                         ~~~~^^^^^^^^^^^^^^^^^^^^^^^^^^^^
  File "C:\Users\Alejandra\OneDrive\Desktop\LF_carpenter-ale\venv_win\Lib\site-packages\django\db\models\query.py", line 95, in __iter__
    results = compiler.execute_sql(
        chunked_fetch=self.chunked_fetch, chunk_size=self.chunk_size
    )
  File "C:\Users\Alejandra\OneDrive\Desktop\LF_carpenter-ale\venv_win\Lib\site-packages\django\db\models\sql\compiler.py", line 1624, in execute_sql
    cursor.execute(sql, params)
    ~~~~~~~~~~~~~~^^^^^^^^^^^^^
  File "C:\Users\Alejandra\OneDrive\Desktop\LF_carpenter-ale\venv_win\Lib\site-packages\django\db\backends\utils.py", line 122, in execute
    return super().execute(sql, params)
           ~~~~~~~~~~~~~~~^^^^^^^^^^^^^
  File "C:\Users\Alejandra\OneDrive\Desktop\LF_carpenter-ale\venv_win\Lib\site-packages\django\db\backends\utils.py", line 79, in execute
    return self._execute_with_wrappers(
           ~~~~~~~~~~~~~~~~~~~~~~~~~~~^
        sql, params, many=False, executor=self._execute
        ^^^^^^^^^^^^^^^^^^^^^^^^^^^^^^^^^^^^^^^^^^^^^^^
    )
    ^
  File "C:\Users\Alejandra\OneDrive\Desktop\LF_carpenter-ale\venv_win\Lib\site-packages\django\db\backends\utils.py", line 92, in _execute_with_wrappers
    return executor(sql, params, many, context)
  File "C:\Users\Alejandra\OneDrive\Desktop\LF_carpenter-ale\venv_win\Lib\site-packages\django\db\backends\utils.py", line 100, in _execute
    with self.db.wrap_database_errors:
         ^^^^^^^^^^^^^^^^^^^^^^^^^^^^
  File "C:\Users\Alejandra\OneDrive\Desktop\LF_carpenter-ale\venv_win\Lib\site-packages\django\db\utils.py", line 94, in __exit__
    raise dj_exc_value.with_traceback(traceback) from exc_value
  File "C:\Users\Alejandra\OneDrive\Desktop\LF_carpenter-ale\venv_win\Lib\site-packages\django\db\backends\utils.py", line 105, in _execute
    return self.cursor.execute(sql, params)
           ~~~~~~~~~~~~~~~~~~~^^^^^^^^^^^^^
  File "C:\Users\Alejandra\OneDrive\Desktop\LF_carpenter-ale\venv_win\Lib\site-packages\django\db\backends\sqlite3\base.py", line 359, in execute
    return super().execute(query, params)
           ~~~~~~~~~~~~~~~^^^^^^^^^^^^^^^
django.db.utils.OperationalError: no such column: carpinteros_carpintero.rating_avg
ERROR 2026-04-23 20:25:04,915 log 34264 35488 Internal Server Error: /
Traceback (most recent call last):
  File "C:\Users\Alejandra\OneDrive\Desktop\LF_carpenter-ale\venv_win\Lib\site-packages\django\db\backends\utils.py", line 105, in _execute
    return self.cursor.execute(sql, params)
           ~~~~~~~~~~~~~~~~~~~^^^^^^^^^^^^^
  File "C:\Users\Alejandra\OneDrive\Desktop\LF_carpenter-ale\venv_win\Lib\site-packages\django\db\backends\sqlite3\base.py", line 359, in execute
    return super().execute(query, params)
           ~~~~~~~~~~~~~~~^^^^^^^^^^^^^^^
sqlite3.OperationalError: no such column: carpinteros_carpintero.rating_avg

The above exception was the direct cause of the following exception:

Traceback (most recent call last):
  File "C:\Users\Alejandra\OneDrive\Desktop\LF_carpenter-ale\venv_win\Lib\site-packages\django\core\handlers\exception.py", line 55, in inner
    response = get_response(request)
  File "C:\Users\Alejandra\OneDrive\Desktop\LF_carpenter-ale\venv_win\Lib\site-packages\django\core\handlers\base.py", line 198, in _get_response
    response = wrapped_callback(request, *callback_args, **callback_kwargs)
  File "C:\Users\Alejandra\OneDrive\Desktop\LF_carpenter-ale\core\views.py", line 24, in home
    return render(request, 'core/home.html', {'carpinteros': carpinteros})
  File "C:\Users\Alejandra\OneDrive\Desktop\LF_carpenter-ale\venv_win\Lib\site-packages\django\shortcuts.py", line 25, in render
    content = loader.render_to_string(template_name, context, request, using=using)
  File "C:\Users\Alejandra\OneDrive\Desktop\LF_carpenter-ale\venv_win\Lib\site-packages\django\template\loader.py", line 62, in render_to_string
    return template.render(context, request)
           ~~~~~~~~~~~~~~~^^^^^^^^^^^^^^^^^^
  File "C:\Users\Alejandra\OneDrive\Desktop\LF_carpenter-ale\venv_win\Lib\site-packages\django\template\backends\django.py", line 107, in render
    return self.template.render(context)
           ~~~~~~~~~~~~~~~~~~~~^^^^^^^^^
  File "C:\Users\Alejandra\OneDrive\Desktop\LF_carpenter-ale\venv_win\Lib\site-packages\django\template\base.py", line 174, in render
    return self._render(context)
           ~~~~~~~~~~~~^^^^^^^^^
  File "C:\Users\Alejandra\OneDrive\Desktop\LF_carpenter-ale\venv_win\Lib\site-packages\django\template\base.py", line 166, in _render
    return self.nodelist.render(context)
           ~~~~~~~~~~~~~~~~~~~~^^^^^^^^^
  File "C:\Users\Alejandra\OneDrive\Desktop\LF_carpenter-ale\venv_win\Lib\site-packages\django\template\base.py", line 1091, in render
    return SafeString("".join([node.render_annotated(context) for node in self]))
                               ~~~~~~~~~~~~~~~~~~~~~^^^^^^^^^
  File "C:\Users\Alejandra\OneDrive\Desktop\LF_carpenter-ale\venv_win\Lib\site-packages\django\template\base.py", line 1052, in render_annotated
    return self.render(context)
           ~~~~~~~~~~~^^^^^^^^^
  File "C:\Users\Alejandra\OneDrive\Desktop\LF_carpenter-ale\venv_win\Lib\site-packages\django\template\loader_tags.py", line 160, in render
    return compiled_parent._render(context)
           ~~~~~~~~~~~~~~~~~~~~~~~^^^^^^^^^
  File "C:\Users\Alejandra\OneDrive\Desktop\LF_carpenter-ale\venv_win\Lib\site-packages\django\template\base.py", line 166, in _render
    return self.nodelist.render(context)
           ~~~~~~~~~~~~~~~~~~~~^^^^^^^^^
  File "C:\Users\Alejandra\OneDrive\Desktop\LF_carpenter-ale\venv_win\Lib\site-packages\django\template\base.py", line 1091, in render
    return SafeString("".join([node.render_annotated(context) for node in self]))
                               ~~~~~~~~~~~~~~~~~~~~~^^^^^^^^^
  File "C:\Users\Alejandra\OneDrive\Desktop\LF_carpenter-ale\venv_win\Lib\site-packages\django\template\base.py", line 1052, in render_annotated
    return self.render(context)
           ~~~~~~~~~~~^^^^^^^^^
  File "C:\Users\Alejandra\OneDrive\Desktop\LF_carpenter-ale\venv_win\Lib\site-packages\django\template\loader_tags.py", line 66, in render
    result = block.nodelist.render(context)
  File "C:\Users\Alejandra\OneDrive\Desktop\LF_carpenter-ale\venv_win\Lib\site-packages\django\template\base.py", line 1091, in render
    return SafeString("".join([node.render_annotated(context) for node in self]))
                               ~~~~~~~~~~~~~~~~~~~~~^^^^^^^^^
  File "C:\Users\Alejandra\OneDrive\Desktop\LF_carpenter-ale\venv_win\Lib\site-packages\django\template\base.py", line 1052, in render_annotated
    return self.render(context)
           ~~~~~~~~~~~^^^^^^^^^
  File "C:\Users\Alejandra\OneDrive\Desktop\LF_carpenter-ale\venv_win\Lib\site-packages\django\template\defaulttags.py", line 202, in render
    len_values = len(values)
  File "C:\Users\Alejandra\OneDrive\Desktop\LF_carpenter-ale\venv_win\Lib\site-packages\django\db\models\query.py", line 372, in __len__
    self._fetch_all()
    ~~~~~~~~~~~~~~~^^
  File "C:\Users\Alejandra\OneDrive\Desktop\LF_carpenter-ale\venv_win\Lib\site-packages\django\db\models\query.py", line 2000, in _fetch_all
    self._result_cache = list(self._iterable_class(self))
                         ~~~~^^^^^^^^^^^^^^^^^^^^^^^^^^^^
  File "C:\Users\Alejandra\OneDrive\Desktop\LF_carpenter-ale\venv_win\Lib\site-packages\django\db\models\query.py", line 95, in __iter__
    results = compiler.execute_sql(
        chunked_fetch=self.chunked_fetch, chunk_size=self.chunk_size
    )
  File "C:\Users\Alejandra\OneDrive\Desktop\LF_carpenter-ale\venv_win\Lib\site-packages\django\db\models\sql\compiler.py", line 1624, in execute_sql
    cursor.execute(sql, params)
    ~~~~~~~~~~~~~~^^^^^^^^^^^^^
  File "C:\Users\Alejandra\OneDrive\Desktop\LF_carpenter-ale\venv_win\Lib\site-packages\django\db\backends\utils.py", line 122, in execute
    return super().execute(sql, params)
           ~~~~~~~~~~~~~~~^^^^^^^^^^^^^
  File "C:\Users\Alejandra\OneDrive\Desktop\LF_carpenter-ale\venv_win\Lib\site-packages\django\db\backends\utils.py", line 79, in execute
    return self._execute_with_wrappers(
           ~~~~~~~~~~~~~~~~~~~~~~~~~~~^
        sql, params, many=False, executor=self._execute
        ^^^^^^^^^^^^^^^^^^^^^^^^^^^^^^^^^^^^^^^^^^^^^^^
    )
    ^
  File "C:\Users\Alejandra\OneDrive\Desktop\LF_carpenter-ale\venv_win\Lib\site-packages\django\db\backends\utils.py", line 92, in _execute_with_wrappers
    return executor(sql, params, many, context)
  File "C:\Users\Alejandra\OneDrive\Desktop\LF_carpenter-ale\venv_win\Lib\site-packages\django\db\backends\utils.py", line 100, in _execute
    with self.db.wrap_database_errors:
         ^^^^^^^^^^^^^^^^^^^^^^^^^^^^
  File "C:\Users\Alejandra\OneDrive\Desktop\LF_carpenter-ale\venv_win\Lib\site-packages\django\db\utils.py", line 94, in __exit__
    raise dj_exc_value.with_traceback(traceback) from exc_value
  File "C:\Users\Alejandra\OneDrive\Desktop\LF_carpenter-ale\venv_win\Lib\site-packages\django\db\backends\utils.py", line 105, in _execute
    return self.cursor.execute(sql, params)
           ~~~~~~~~~~~~~~~~~~~^^^^^^^^^^^^^
  File "C:\Users\Alejandra\OneDrive\Desktop\LF_carpenter-ale\venv_win\Lib\site-packages\django\db\backends\sqlite3\base.py", line 359, in execute
    return super().execute(query, params)
           ~~~~~~~~~~~~~~~^^^^^^^^^^^^^^^
django.db.utils.OperationalError: no such column: carpinteros_carpintero.rating_avg
ERROR 2026-04-23 20:25:10,568 log 34264 35488 Internal Server Error: /
Traceback (most recent call last):
  File "C:\Users\Alejandra\OneDrive\Desktop\LF_carpenter-ale\venv_win\Lib\site-packages\django\db\backends\utils.py", line 105, in _execute
    return self.cursor.execute(sql, params)
           ~~~~~~~~~~~~~~~~~~~^^^^^^^^^^^^^
  File "C:\Users\Alejandra\OneDrive\Desktop\LF_carpenter-ale\venv_win\Lib\site-packages\django\db\backends\sqlite3\base.py", line 359, in execute
    return super().execute(query, params)
           ~~~~~~~~~~~~~~~^^^^^^^^^^^^^^^
sqlite3.OperationalError: no such column: carpinteros_carpintero.rating_avg

The above exception was the direct cause of the following exception:

Traceback (most recent call last):
  File "C:\Users\Alejandra\OneDrive\Desktop\LF_carpenter-ale\venv_win\Lib\site-packages\django\core\handlers\exception.py", line 55, in inner
    response = get_response(request)
  File "C:\Users\Alejandra\OneDrive\Desktop\LF_carpenter-ale\venv_win\Lib\site-packages\django\core\handlers\base.py", line 198, in _get_response
    response = wrapped_callback(request, *callback_args, **callback_kwargs)
  File "C:\Users\Alejandra\OneDrive\Desktop\LF_carpenter-ale\core\views.py", line 24, in home
    return render(request, 'core/home.html', {'carpinteros': carpinteros})
  File "C:\Users\Alejandra\OneDrive\Desktop\LF_carpenter-ale\venv_win\Lib\site-packages\django\shortcuts.py", line 25, in render
    content = loader.render_to_string(template_name, context, request, using=using)
  File "C:\Users\Alejandra\OneDrive\Desktop\LF_carpenter-ale\venv_win\Lib\site-packages\django\template\loader.py", line 62, in render_to_string
    return template.render(context, request)
           ~~~~~~~~~~~~~~~^^^^^^^^^^^^^^^^^^
  File "C:\Users\Alejandra\OneDrive\Desktop\LF_carpenter-ale\venv_win\Lib\site-packages\django\template\backends\django.py", line 107, in render
    return self.template.render(context)
           ~~~~~~~~~~~~~~~~~~~~^^^^^^^^^
  File "C:\Users\Alejandra\OneDrive\Desktop\LF_carpenter-ale\venv_win\Lib\site-packages\django\template\base.py", line 174, in render
    return self._render(context)
           ~~~~~~~~~~~~^^^^^^^^^
  File "C:\Users\Alejandra\OneDrive\Desktop\LF_carpenter-ale\venv_win\Lib\site-packages\django\template\base.py", line 166, in _render
    return self.nodelist.render(context)
           ~~~~~~~~~~~~~~~~~~~~^^^^^^^^^
  File "C:\Users\Alejandra\OneDrive\Desktop\LF_carpenter-ale\venv_win\Lib\site-packages\django\template\base.py", line 1091, in render
    return SafeString("".join([node.render_annotated(context) for node in self]))
                               ~~~~~~~~~~~~~~~~~~~~~^^^^^^^^^
  File "C:\Users\Alejandra\OneDrive\Desktop\LF_carpenter-ale\venv_win\Lib\site-packages\django\template\base.py", line 1052, in render_annotated
    return self.render(context)
           ~~~~~~~~~~~^^^^^^^^^
  File "C:\Users\Alejandra\OneDrive\Desktop\LF_carpenter-ale\venv_win\Lib\site-packages\django\template\loader_tags.py", line 160, in render
    return compiled_parent._render(context)
           ~~~~~~~~~~~~~~~~~~~~~~~^^^^^^^^^
  File "C:\Users\Alejandra\OneDrive\Desktop\LF_carpenter-ale\venv_win\Lib\site-packages\django\template\base.py", line 166, in _render
    return self.nodelist.render(context)
           ~~~~~~~~~~~~~~~~~~~~^^^^^^^^^
  File "C:\Users\Alejandra\OneDrive\Desktop\LF_carpenter-ale\venv_win\Lib\site-packages\django\template\base.py", line 1091, in render
    return SafeString("".join([node.render_annotated(context) for node in self]))
                               ~~~~~~~~~~~~~~~~~~~~~^^^^^^^^^
  File "C:\Users\Alejandra\OneDrive\Desktop\LF_carpenter-ale\venv_win\Lib\site-packages\django\template\base.py", line 1052, in render_annotated
    return self.render(context)
           ~~~~~~~~~~~^^^^^^^^^
  File "C:\Users\Alejandra\OneDrive\Desktop\LF_carpenter-ale\venv_win\Lib\site-packages\django\template\loader_tags.py", line 66, in render
    result = block.nodelist.render(context)
  File "C:\Users\Alejandra\OneDrive\Desktop\LF_carpenter-ale\venv_win\Lib\site-packages\django\template\base.py", line 1091, in render
    return SafeString("".join([node.render_annotated(context) for node in self]))
                               ~~~~~~~~~~~~~~~~~~~~~^^^^^^^^^
  File "C:\Users\Alejandra\OneDrive\Desktop\LF_carpenter-ale\venv_win\Lib\site-packages\django\template\base.py", line 1052, in render_annotated
    return self.render(context)
           ~~~~~~~~~~~^^^^^^^^^
  File "C:\Users\Alejandra\OneDrive\Desktop\LF_carpenter-ale\venv_win\Lib\site-packages\django\template\defaulttags.py", line 202, in render
    len_values = len(values)
  File "C:\Users\Alejandra\OneDrive\Desktop\LF_carpenter-ale\venv_win\Lib\site-packages\django\db\models\query.py", line 372, in __len__
    self._fetch_all()
    ~~~~~~~~~~~~~~~^^
  File "C:\Users\Alejandra\OneDrive\Desktop\LF_carpenter-ale\venv_win\Lib\site-packages\django\db\models\query.py", line 2000, in _fetch_all
    self._result_cache = list(self._iterable_class(self))
                         ~~~~^^^^^^^^^^^^^^^^^^^^^^^^^^^^
  File "C:\Users\Alejandra\OneDrive\Desktop\LF_carpenter-ale\venv_win\Lib\site-packages\django\db\models\query.py", line 95, in __iter__
    results = compiler.execute_sql(
        chunked_fetch=self.chunked_fetch, chunk_size=self.chunk_size
    )
  File "C:\Users\Alejandra\OneDrive\Desktop\LF_carpenter-ale\venv_win\Lib\site-packages\django\db\models\sql\compiler.py", line 1624, in execute_sql
    cursor.execute(sql, params)
    ~~~~~~~~~~~~~~^^^^^^^^^^^^^
  File "C:\Users\Alejandra\OneDrive\Desktop\LF_carpenter-ale\venv_win\Lib\site-packages\django\db\backends\utils.py", line 122, in execute
    return super().execute(sql, params)
           ~~~~~~~~~~~~~~~^^^^^^^^^^^^^
  File "C:\Users\Alejandra\OneDrive\Desktop\LF_carpenter-ale\venv_win\Lib\site-packages\django\db\backends\utils.py", line 79, in execute
    return self._execute_with_wrappers(
           ~~~~~~~~~~~~~~~~~~~~~~~~~~~^
        sql, params, many=False, executor=self._execute
        ^^^^^^^^^^^^^^^^^^^^^^^^^^^^^^^^^^^^^^^^^^^^^^^
    )
    ^
  File "C:\Users\Alejandra\OneDrive\Desktop\LF_carpenter-ale\venv_win\Lib\site-packages\django\db\backends\utils.py", line 92, in _execute_with_wrappers
    return executor(sql, params, many, context)
  File "C:\Users\Alejandra\OneDrive\Desktop\LF_carpenter-ale\venv_win\Lib\site-packages\django\db\backends\utils.py", line 100, in _execute
    with self.db.wrap_database_errors:
         ^^^^^^^^^^^^^^^^^^^^^^^^^^^^
  File "C:\Users\Alejandra\OneDrive\Desktop\LF_carpenter-ale\venv_win\Lib\site-packages\django\db\utils.py", line 94, in __exit__
    raise dj_exc_value.with_traceback(traceback) from exc_value
  File "C:\Users\Alejandra\OneDrive\Desktop\LF_carpenter-ale\venv_win\Lib\site-packages\django\db\backends\utils.py", line 105, in _execute
    return self.cursor.execute(sql, params)
           ~~~~~~~~~~~~~~~~~~~^^^^^^^^^^^^^
  File "C:\Users\Alejandra\OneDrive\Desktop\LF_carpenter-ale\venv_win\Lib\site-packages\django\db\backends\sqlite3\base.py", line 359, in execute
    return super().execute(query, params)
           ~~~~~~~~~~~~~~~^^^^^^^^^^^^^^^
django.db.utils.OperationalError: no such column: carpinteros_carpintero.rating_avg
